============================================================
Commit:  ab7c4c4
Date:    2026-08-26 13:54:25 BST
Author:  root <root@LAPTOP-B1O90F7C.localdomain>
Message: Api's testing phase 1

Files changed:
M	.gitignore

============================================================
Commit:  d6dbc8c
Date:    2026-08-26 13:55:09 BST
Author:  root <root@LAPTOP-B1O90F7C.localdomain>
Message: API's testing phase

Files changed:
A	gmail_token.json
A	notebook.ipynb

============================================================
Commit:  58d3f29
Date:    2026-08-26 13:55:10 BST
Author:  root <root@LAPTOP-B1O90F7C.localdomain>
Message: api's testing phase 1

Files changed:
M	notebook.ipynb

============================================================
Commit:  8823b8d
Date:    2026-08-26 13:55:11 BST
Author:  root <root@LAPTOP-B1O90F7C.localdomain>
Message: Api's testing phase 1

Files changed:
M	.gitignore

============================================================
Commit:  1ad07dd
Date:    2026-08-26 14:11:33 BST
Author:  root <root@LAPTOP-B1O90F7C.localdomain>
Message: API testing phase 1

Files changed:
M	.gitignore
A	logs/README.md
A	logs/commits/git.log
A	logs/notebooks/notebook_changes.log

